// Jest Snapshot v1, https://goo.gl/fbAQLP

exports[`HomeScreen tests should display correctly 1`] = `
<div>
  <h1>
    HomeScreen
  </h1>
  <hr />
  <pre>
    {
   "name": "miguel",
   "email": "m@gmail.com"
}
  </pre>
</div>
`;
